src/components/admin/AdminMapView.tsx(20,9): error TS6133: 'user' is declared but its value is never read.
src/components/admin/Compliance.tsx(17,11): error TS6196: 'UserDataSummary' is declared but never used.
src/components/admin/Compliance.tsx(28,9): error TS6133: 'userId' is declared but its value is never read.
src/components/admin/Compliance.tsx(64,9): error TS6133: 'updatePolicyMutation' is declared but its value is never read.
src/components/admin/ContextualHelp.tsx(2,31): error TS6133: 'OnboardingService' is declared but its value is never read.
src/components/admin/DashboardHome.tsx(8,28): error TS6133: 'error' is declared but its value is never read.
src/components/admin/IncidentDetail.tsx(10,11): error TS6196: 'Incident' is declared but never used.
src/components/admin/Incidents.tsx(24,9): error TS6133: 'user' is declared but its value is never read.
src/components/admin/Incidents.tsx(25,10): error TS6133: 'selectedIncident' is declared but its value is never read.
src/components/admin/Incidents.tsx(25,28): error TS6133: 'setSelectedIncident' is declared but its value is never read.
src/components/admin/OnboardingTooltip.tsx(2,29): error TS6133: 'OnboardingService' is declared but its value is never read.
src/components/admin/OnboardingWelcome.tsx(1,1): error TS6133: 'OnboardingService' is declared but its value is never read.
src/components/admin/PendingApprovals.tsx(30,10): error TS6133: 'selectedUser' is declared but its value is never read.
src/components/admin/SystemConfig.tsx(2,10): error TS6133: 'useQuery' is declared but its value is never read.
src/components/admin/SystemConfig.tsx(3,1): error TS6133: 'api' is declared but its value is never read.
src/components/admin/SystemConfig.tsx(4,1): error TS6133: 'LoadingSpinner' is declared but its value is never read.
src/components/admin/UserManagement.tsx(537,29): error TS6133: 'requiresApproval' is declared but its value is never read.
src/components/auth/PhoneLogin.tsx(28,10): error TS6133: 'otpSent' is declared but its value is never read.
src/components/auth/PhoneLogin.tsx(203,16): error TS2580: Cannot find name 'process'. Do you need to install type definitions for node? Try `npm i --save-dev @types/node`.
src/components/carwash/CarWashBookings.tsx(25,17): error TS6133: 'data' is declared but its value is never read.
src/components/carwash/CarWashBookings.tsx(36,9): error TS6133: 'handleStatusUpdate' is declared but its value is never read.
src/components/carwash/CarWashBookings.tsx(40,9): error TS6133: 'getNextStatus' is declared but its value is never read.
src/components/carwash/CarWashHome.tsx(10,9): error TS6133: 'user' is declared but its value is never read.
src/components/carwash/ManageServices.tsx(7,27): error TS6133: 'ServicePackage' is declared but its value is never read.
src/components/driver/RouteOptimizer.tsx(2,1): error TS6133: 'useQuery' is declared but its value is never read.
src/components/driver/RouteOptimizer.tsx(4,1): error TS6133: 'api' is declared but its value is never read.
src/components/driver/RouteOptimizer.tsx(13,10): error TS6133: 'driverLocation' is declared but its value is never read.
src/components/ErrorBoundary.tsx(8,8): error TS6133: 'React' is declared but its value is never read.
src/components/forms/ColorPicker.tsx(14,10): error TS6133: 'showPicker' is declared but its value is never read.
src/components/forms/ColorPicker.tsx(14,22): error TS6133: 'setShowPicker' is declared but its value is never read.
src/components/LiveTracking.tsx(4,1): error TS6192: All imports in import declaration are unused.
src/components/LiveTracking.tsx(5,1): error TS6133: 'MapView' is declared but its value is never read.
src/components/LiveTracking.tsx(9,11): error TS6196: 'Booking' is declared but never used.
src/components/LiveTracking.tsx(127,54): error TS6133: 'index' is declared but its value is never read.
src/components/LiveTracking.tsx(209,27): error TS6133: 'index' is declared but its value is never read.
src/components/LocationPicker.tsx(1,31): error TS6133: 'useMemo' is declared but its value is never read.
src/components/mapping/EnhancedNearbyCarWashes.tsx(51,9): error TS6133: 'user' is declared but its value is never read.
src/components/mapping/EnhancedNearbyCarWashes.tsx(55,10): error TS6133: 'userLocation' is declared but its value is never read.
src/components/mapping/EnhancedNearbyCarWashes.tsx(185,31): error TS2345: Argument of type 'CarWash[]' is not assignable to parameter of type '{ coordinates?: string | Coordinates | null | undefined; }[]'.
  Type 'CarWash' has no properties in common with type '{ coordinates?: string | Coordinates | null | undefined; }'.
src/components/mapping/EnhancedNearbyCarWashes.tsx(189,47): error TS2339: Property 'locationCoordinates' does not exist on type '{ coordinates?: string | Coordinates | null | undefined; }'.
src/components/mapping/EnhancedNearbyCarWashes.tsx(239,33): error TS6133: 'location' is declared but its value is never read.
src/components/mapping/EnhancedNearbyCarWashes.tsx(274,9): error TS2552: Cannot find name 'onRouteChange'. Did you mean 'onratechange'?
src/components/mapping/EnhancedNearbyCarWashes.tsx(275,7): error TS2552: Cannot find name 'onRouteChange'. Did you mean 'onratechange'?
src/components/mapping/EnhancedNearbyCarWashes.tsx(277,9): error TS2304: Cannot find name 'onPendingBookingChange'.
src/components/mapping/EnhancedNearbyCarWashes.tsx(278,7): error TS2304: Cannot find name 'onPendingBookingChange'.
src/components/mapping/EnhancedNearbyCarWashes.tsx(299,9): error TS2552: Cannot find name 'onRouteChange'. Did you mean 'onratechange'?
src/components/mapping/EnhancedNearbyCarWashes.tsx(300,7): error TS2552: Cannot find name 'onRouteChange'. Did you mean 'onratechange'?
src/components/mapping/EnhancedNearbyCarWashes.tsx(302,9): error TS2304: Cannot find name 'onPendingBookingChange'.
src/components/mapping/EnhancedNearbyCarWashes.tsx(303,7): error TS2304: Cannot find name 'onPendingBookingChange'.
src/components/mapping/EnhancedNearbyCarWashes.tsx(309,9): error TS2304: Cannot find name 'onRouteChange'.
src/components/mapping/EnhancedNearbyCarWashes.tsx(310,7): error TS2304: Cannot find name 'onRouteChange'.
src/components/mapping/EnhancedNearbyCarWashes.tsx(312,9): error TS2304: Cannot find name 'onPendingBookingChange'.
src/components/mapping/EnhancedNearbyCarWashes.tsx(313,7): error TS2304: Cannot find name 'onPendingBookingChange'.
src/components/mapping/EnhancedNearbyCarWashes.tsx(430,33): error TS2339: Property 'id' does not exist on type '{ distance: number; coordinates?: string | Coordinates | null | undefined; } | { distance: number; routeSegment: RouteSegment; estimatedTime: number; coordinates?: string | ... 2 more ... | undefined; }'.
  Property 'id' does not exist on type '{ distance: number; coordinates?: string | Coordinates | null | undefined; }'.
src/components/mapping/EnhancedNearbyCarWashes.tsx(432,28): error TS2339: Property 'carWashPictureUrl' does not exist on type '{ distance: number; coordinates?: string | Coordinates | null | undefined; } | { distance: number; routeSegment: RouteSegment; estimatedTime: number; coordinates?: string | ... 2 more ... | undefined; }'.
  Property 'carWashPictureUrl' does not exist on type '{ distance: number; coordinates?: string | Coordinates | null | undefined; }'.
src/components/mapping/EnhancedNearbyCarWashes.tsx(435,38): error TS2339: Property 'carWashPictureUrl' does not exist on type '{ distance: number; coordinates?: string | Coordinates | null | undefined; } | { distance: number; routeSegment: RouteSegment; estimatedTime: number; coordinates?: string | ... 2 more ... | undefined; }'.
  Property 'carWashPictureUrl' does not exist on type '{ distance: number; coordinates?: string | Coordinates | null | undefined; }'.
src/components/mapping/EnhancedNearbyCarWashes.tsx(436,38): error TS2339: Property 'carWashName' does not exist on type '{ distance: number; coordinates?: string | Coordinates | null | undefined; } | { distance: number; routeSegment: RouteSegment; estimatedTime: number; coordinates?: string | ... 2 more ... | undefined; }'.
  Property 'carWashName' does not exist on type '{ distance: number; coordinates?: string | Coordinates | null | undefined; }'.
src/components/mapping/EnhancedNearbyCarWashes.tsx(436,61): error TS2339: Property 'name' does not exist on type '{ distance: number; coordinates?: string | Coordinates | null | undefined; } | { distance: number; routeSegment: RouteSegment; estimatedTime: number; coordinates?: string | ... 2 more ... | undefined; }'.
  Property 'name' does not exist on type '{ distance: number; coordinates?: string | Coordinates | null | undefined; }'.
src/components/mapping/EnhancedNearbyCarWashes.tsx(445,32): error TS2339: Property 'carWashName' does not exist on type '{ distance: number; coordinates?: string | Coordinates | null | undefined; } | { distance: number; routeSegment: RouteSegment; estimatedTime: number; coordinates?: string | ... 2 more ... | undefined; }'.
  Property 'carWashName' does not exist on type '{ distance: number; coordinates?: string | Coordinates | null | undefined; }'.
src/components/mapping/EnhancedNearbyCarWashes.tsx(445,55): error TS2339: Property 'name' does not exist on type '{ distance: number; coordinates?: string | Coordinates | null | undefined; } | { distance: number; routeSegment: RouteSegment; estimatedTime: number; coordinates?: string | ... 2 more ... | undefined; }'.
  Property 'name' does not exist on type '{ distance: number; coordinates?: string | Coordinates | null | undefined; }'.
src/components/mapping/EnhancedNearbyCarWashes.tsx(448,35): error TS2339: Property 'location' does not exist on type '{ distance: number; coordinates?: string | Coordinates | null | undefined; } | { distance: number; routeSegment: RouteSegment; estimatedTime: number; coordinates?: string | ... 2 more ... | undefined; }'.
  Property 'location' does not exist on type '{ distance: number; coordinates?: string | Coordinates | null | undefined; }'.
src/components/mapping/EnhancedNearbyCarWashes.tsx(456,26): error TS2339: Property 'services' does not exist on type '{ distance: number; coordinates?: string | Coordinates | null | undefined; } | { distance: number; routeSegment: RouteSegment; estimatedTime: number; coordinates?: string | ... 2 more ... | undefined; }'.
  Property 'services' does not exist on type '{ distance: number; coordinates?: string | Coordinates | null | undefined; }'.
src/components/mapping/EnhancedNearbyCarWashes.tsx(456,46): error TS2339: Property 'services' does not exist on type '{ distance: number; coordinates?: string | Coordinates | null | undefined; } | { distance: number; routeSegment: RouteSegment; estimatedTime: number; coordinates?: string | ... 2 more ... | undefined; }'.
  Property 'services' does not exist on type '{ distance: number; coordinates?: string | Coordinates | null | undefined; }'.
src/components/mapping/EnhancedNearbyCarWashes.tsx(459,30): error TS2339: Property 'services' does not exist on type '{ distance: number; coordinates?: string | Coordinates | null | undefined; } | { distance: number; routeSegment: RouteSegment; estimatedTime: number; coordinates?: string | ... 2 more ... | undefined; }'.
  Property 'services' does not exist on type '{ distance: number; coordinates?: string | Coordinates | null | undefined; }'.
src/components/mapping/EnhancedNearbyCarWashes.tsx(459,56): error TS7006: Parameter 'service' implicitly has an 'any' type.
src/components/mapping/EnhancedNearbyCarWashes.tsx(478,58): error TS2345: Argument of type '{ distance: number; coordinates?: string | Coordinates | null | undefined; } | { distance: number; routeSegment: RouteSegment; estimatedTime: number; coordinates?: string | ... 2 more ... | undefined; }' is not assignable to parameter of type 'CarWashWithDistance'.
  Property 'id' is missing in type '{ distance: number; coordinates?: Coordinates | string | null; }' but required in type 'CarWashWithDistance'.
src/components/mapping/EnhancedNearbyCarWashes.tsx(485,30): error TS2339: Property 'services' does not exist on type '{ distance: number; coordinates?: string | Coordinates | null | undefined; } | { distance: number; routeSegment: RouteSegment; estimatedTime: number; coordinates?: string | ... 2 more ... | undefined; }'.
  Property 'services' does not exist on type '{ distance: number; coordinates?: string | Coordinates | null | undefined; }'.
src/components/mapping/EnhancedNearbyCarWashes.tsx(488,60): error TS2345: Argument of type '{ distance: number; coordinates?: string | Coordinates | null | undefined; } | { distance: number; routeSegment: RouteSegment; estimatedTime: number; coordinates?: string | ... 2 more ... | undefined; }' is not assignable to parameter of type 'CarWashWithDistance'.
  Property 'id' is missing in type '{ distance: number; coordinates?: Coordinates | string | null; }' but required in type 'CarWashWithDistance'.
src/components/mapping/EnhancedNearbyCarWashes.tsx(490,43): error TS2339: Property 'services' does not exist on type '{ distance: number; coordinates?: string | Coordinates | null | undefined; } | { distance: number; routeSegment: RouteSegment; estimatedTime: number; coordinates?: string | ... 2 more ... | undefined; }'.
  Property 'services' does not exist on type '{ distance: number; coordinates?: string | Coordinates | null | undefined; }'.
src/components/mapping/EnhancedNearbyCarWashes.tsx(496,28): error TS2339: Property 'services' does not exist on type '{ distance: number; coordinates?: string | Coordinates | null | undefined; } | { distance: number; routeSegment: RouteSegment; estimatedTime: number; coordinates?: string | ... 2 more ... | undefined; }'.
  Property 'services' does not exist on type '{ distance: number; coordinates?: string | Coordinates | null | undefined; }'.
src/components/mapping/EnhancedNearbyCarWashes.tsx(496,48): error TS2339: Property 'services' does not exist on type '{ distance: number; coordinates?: string | Coordinates | null | undefined; } | { distance: number; routeSegment: RouteSegment; estimatedTime: number; coordinates?: string | ... 2 more ... | undefined; }'.
  Property 'services' does not exist on type '{ distance: number; coordinates?: string | Coordinates | null | undefined; }'.
src/components/mapping/EnhancedNearbyCarWashes.tsx(499,56): error TS2345: Argument of type '{ distance: number; coordinates?: string | Coordinates | null | undefined; } | { distance: number; routeSegment: RouteSegment; estimatedTime: number; coordinates?: string | ... 2 more ... | undefined; }' is not assignable to parameter of type 'CarWashWithDistance'.
  Property 'id' is missing in type '{ distance: number; coordinates?: Coordinates | string | null; }' but required in type 'CarWashWithDistance'.
src/components/mapping/EnhancedNearbyCarWashes.tsx(648,17): error TS2322: Type '(carWash: CarWashWithDistance, service: Service) => void' is not assignable to type 'MouseEventHandler<HTMLButtonElement>'.
  Target signature provides too few arguments. Expected 2 or more, but got 1.
src/components/mapping/NearbyBookings.tsx(60,31): error TS2345: Argument of type 'Booking[]' is not assignable to parameter of type '{ coordinates?: string | Coordinates | null | undefined; }[]'.
  Type 'Booking' has no properties in common with type '{ coordinates?: string | Coordinates | null | undefined; }'.
src/components/mapping/NearbyBookings.tsx(65,49): error TS2339: Property 'pickupCoordinates' does not exist on type '{ coordinates?: string | Coordinates | null | undefined; }'.
src/components/mapping/NearbyBookings.tsx(111,31): error TS2339: Property 'id' does not exist on type '{ distance: number; estimatedTime: number; coordinates?: string | Coordinates | null | undefined; }'.
src/components/mapping/NearbyBookings.tsx(115,28): error TS2339: Property 'vehicleId' does not exist on type '{ distance: number; estimatedTime: number; coordinates?: string | Coordinates | null | undefined; }'.
src/components/mapping/NearbyBookings.tsx(116,34): error TS2339: Property 'vehicleId' does not exist on type '{ distance: number; estimatedTime: number; coordinates?: string | Coordinates | null | undefined; }'.
src/components/mapping/NearbyBookings.tsx(116,60): error TS2339: Property 'vehicleId' does not exist on type '{ distance: number; estimatedTime: number; coordinates?: string | Coordinates | null | undefined; }'.
src/components/mapping/NearbyBookings.tsx(120,28): error TS2339: Property 'pickupLocation' does not exist on type '{ distance: number; estimatedTime: number; coordinates?: string | Coordinates | null | undefined; }'.
src/components/mapping/NearbyBookings.tsx(130,26): error TS2339: Property 'clientId' does not exist on type '{ distance: number; estimatedTime: number; coordinates?: string | Coordinates | null | undefined; }'.
src/components/mapping/NearbyBookings.tsx(132,38): error TS2339: Property 'clientId' does not exist on type '{ distance: number; estimatedTime: number; coordinates?: string | Coordinates | null | undefined; }'.
src/components/mapping/NearbyCarWashes.tsx(28,9): error TS6133: 'user' is declared but its value is never read.
src/components/mapping/NearbyCarWashes.tsx(67,31): error TS2345: Argument of type 'CarWash[]' is not assignable to parameter of type '{ coordinates?: string | Coordinates | null | undefined; }[]'.
  Type 'CarWash' has no properties in common with type '{ coordinates?: string | Coordinates | null | undefined; }'.
src/components/mapping/NearbyCarWashes.tsx(71,47): error TS2339: Property 'locationCoordinates' does not exist on type '{ coordinates?: string | Coordinates | null | undefined; }'.
src/components/mapping/NearbyCarWashes.tsx(118,31): error TS2339: Property 'id' does not exist on type '{ distance: number; coordinates?: string | Coordinates | null | undefined; }'.
src/components/mapping/NearbyCarWashes.tsx(119,24): error TS2339: Property 'carWashPictureUrl' does not exist on type '{ distance: number; coordinates?: string | Coordinates | null | undefined; }'.
src/components/mapping/NearbyCarWashes.tsx(122,34): error TS2339: Property 'carWashPictureUrl' does not exist on type '{ distance: number; coordinates?: string | Coordinates | null | undefined; }'.
src/components/mapping/NearbyCarWashes.tsx(123,34): error TS2339: Property 'carWashName' does not exist on type '{ distance: number; coordinates?: string | Coordinates | null | undefined; }'.
src/components/mapping/NearbyCarWashes.tsx(123,57): error TS2339: Property 'name' does not exist on type '{ distance: number; coordinates?: string | Coordinates | null | undefined; }'.
src/components/mapping/NearbyCarWashes.tsx(132,28): error TS2339: Property 'carWashName' does not exist on type '{ distance: number; coordinates?: string | Coordinates | null | undefined; }'.
src/components/mapping/NearbyCarWashes.tsx(132,51): error TS2339: Property 'name' does not exist on type '{ distance: number; coordinates?: string | Coordinates | null | undefined; }'.
src/components/mapping/NearbyCarWashes.tsx(135,28): error TS2339: Property 'location' does not exist on type '{ distance: number; coordinates?: string | Coordinates | null | undefined; }'.
src/components/mapping/RouteVisualization.tsx(7,21): error TS6133: 'useRef' is declared but its value is never read.
src/components/mapping/RouteVisualization.tsx(8,1): error TS6133: 'mapboxgl' is declared but its value is never read.
src/components/MapView.tsx(12,39): error TS6133: 'useMemo' is declared but its value is never read.
src/components/MapView.tsx(18,1): error TS6133: 'formatDistance' is declared but its value is never read.
src/components/MapView.tsx(20,28): error TS6133: 'calculateDistance' is declared but its value is never read.
src/components/MapView.tsx(107,9): error TS6133: 'user' is declared but its value is never read.
src/components/MapView.tsx(142,13): error TS7030: Not all code paths return a value.
src/components/MapView.tsx(407,5): error TS6133: 'status' is declared but its value is never read.
src/components/mobile/OnboardingWalkthrough.tsx(2,10): error TS6133: 'OnboardingService' is declared but its value is never read.
src/config/mapbox.ts(17,3): error TS2322: Type 'string | boolean' is not assignable to type 'boolean'.
  Type 'string' is not assignable to type 'boolean'.
src/pages/ClientHome.tsx(7,1): error TS6133: 'LoadingSpinner' is declared but its value is never read.
src/pages/ClientHome.tsx(176,31): error TS2367: This comparison appears to be unintentional because the types '"bookings"' and '"vehicles"' have no overlap.
src/pages/ClientHome.tsx(278,19): error TS2322: Type '{ onRouteChange: (route: any) => void; }' is not assignable to type 'IntrinsicAttributes'.
  Property 'onRouteChange' does not exist on type 'IntrinsicAttributes'.
src/pages/ClientHome.tsx(278,35): error TS7006: Parameter 'route' implicitly has an 'any' type.
src/pages/DriverHome.tsx(7,1): error TS6133: 'MapView' is declared but its value is never read.
src/pages/DriverHome.tsx(8,1): error TS6133: 'NearbyBookings' is declared but its value is never read.
src/pages/DriverHome.tsx(9,1): error TS6133: 'LoadingSpinner' is declared but its value is never read.
src/pages/DriverHome.tsx(48,17): error TS6133: 'data' is declared but its value is never read.
src/pages/DriverHome.tsx(60,9): error TS6133: 'acceptMutation' is declared but its value is never read.
src/pages/DriverHome.tsx(75,9): error TS6133: 'declineMutation' is declared but its value is never read.
src/pages/DriverHome.tsx(90,9): error TS6133: 'handleStatusUpdate' is declared but its value is never read.
src/pages/LandingPage.tsx(7,1): error TS6133: 'CarWashScene' is declared but its value is never read.
src/pages/Login.tsx(41,13): error TS6133: 'loggedInUser' is declared but its value is never read.
src/pages/Payment.tsx(1,20): error TS6133: 'useEffect' is declared but its value is never read.
src/pages/Payment.tsx(6,1): error TS6133: 'EmptyState' is declared but its value is never read.
src/services/locationService.ts(182,7): error TS6133: 'isTracking' is declared but its value is never read.
src/services/locationTrackingService.ts(121,7): error TS6133: 'isTracking' is declared but its value is never read.
